// Jest Snapshot v1, https://goo.gl/fbAQLP

exports[`renders a checkbox 1`] = `
<div
  className="css-f0iot1"
>
  <svg
    fill="none"
    height="20"
    viewBox="0 0 20 20"
    width="20"
    xmlns="http://www.w3.org/2000/svg"
  >
    <rect
      fill="white"
      height="18"
      rx="3"
      stroke="#847970"
      strokeWidth="2"
      width="18"
      x="1"
      y="1"
    />
  </svg>
  <div
    className="css-z3j0nt"
  >
    Hello World!
  </div>
</div>
`;
